["base","bytestring","containers","lb-haskell-runtime","text"]