{"fields":[{"fields":[{"fields":[[]],"name":"Map"}],"index":2}],"name":"Constr"}