{"constructor":"List","fields":[[{"constructor":"Constr","fields":[{"fields":[{"constructor":"Constr","fields":[{"fields":[{"constructor":"Constr","fields":[{"fields":[{"constructor":"Bytes","fields":["0102030405060708090a0b0c0d0e0f101112131415161718191a1b1c"]}],"index":0}]},{"constructor":"Constr","fields":[{"fields":[],"index":1}]}],"index":0}]},{"constructor":"Map","fields":[[]]},{"constructor":"Integer","fields":[1337]}],"index":0}]},{"constructor":"List","fields":[[{"constructor":"Constr","fields":[{"fields":[{"constructor":"Constr","fields":[{"fields":[{"constructor":"Bytes","fields":["0102030405060708090a0b0c0d0e0f101112131415161718191a1b1c"]}],"index":0}]},{"constructor":"Constr","fields":[{"fields":[],"index":1}]}],"index":0}]},{"constructor":"Map","fields":[[]]},{"constructor":"Integer","fields":[1337]},{"constructor":"Integer","fields":[1337]}]]},{"constructor":"List","fields":[[{"constructor":"Constr","fields":[{"fields":[{"constructor":"Constr","fields":[{"fields":[{"constructor":"Bytes","fields":["0102030405060708090a0b0c0d0e0f101112131415161718191a1b1c"]}],"index":0}]},{"constructor":"Constr","fields":[{"fields":[],"index":1}]}],"index":0}]},{"constructor":"Map","fields":[[]]},{"constructor":"Integer","fields":[1337]},{"constructor":"Integer","fields":[1337]}]]}]]}