{"constructor":"Constr","fields":[{"fields":[{"constructor":"Map","fields":[[[{"constructor":"Bytes","fields":[""]},{"constructor":"Map","fields":[[[{"constructor":"Bytes","fields":[""]},{"constructor":"Integer","fields":[1337]}]]]}]]]}],"index":2}]}