{"fields":[{"fields":[{"fields":[{"fields":[{"fields":[{"fields":[{"fields":["0102030405060708090a0b0c0d0e0f101112131415161718191a1b1c"],"name":"Bytes"}],"index":0}],"name":"Constr"},{"fields":[{"fields":[],"index":1}],"name":"Constr"}],"index":0}],"name":"Constr"},{"fields":[[]],"name":"Map"},{"fields":[{"fields":[],"index":1}],"name":"Constr"}],"index":0}],"name":"Constr"}