{"fields":[{"fields":[],"name":"Nothing"},{"fields":[{"fields":[],"index":0}],"name":"Constr"},{"fields":[],"name":"Nothing"}],"name":"ParameterChange"}