{"fields":[{"fields":[],"name":"Genesis"}],"name":"Certifying"}