{"fields":[{"fields":[],"name":"Mir"}],"name":"Certifying"}