{"from":{"bound":{"fields":[],"name":"NegInf"},"closed":true},"to":{"bound":{"fields":[],"name":"NegInf"},"closed":true}}