{"bound":{"fields":[],"name":"PosInf"},"closed":true}