{"constructor":"Bytes","fields":["736f6d65206279746573"]}