{"fields":[{"fields":[{"fields":[{"fields":[{"fields":[{"fields":[],"index":0}],"name":"Constr"},{"fields":[{"fields":[],"index":1}],"name":"Constr"}],"index":0}],"name":"Constr"},{"fields":[{"fields":[{"fields":[{"fields":[{"fields":[0],"name":"Integer"}],"index":1}],"name":"Constr"},{"fields":[{"fields":[],"index":1}],"name":"Constr"}],"index":0}],"name":"Constr"}],"index":0}],"name":"Constr"}