{"constructor":"Constr","fields":[{"fields":[{"constructor":"Constr","fields":[{"fields":[{"constructor":"Constr","fields":[{"fields":[],"index":0}]},{"constructor":"Constr","fields":[{"fields":[],"index":1}]}],"index":0}]},{"constructor":"Constr","fields":[{"fields":[{"constructor":"Constr","fields":[{"fields":[],"index":0}]},{"constructor":"Constr","fields":[{"fields":[],"index":1}]}],"index":0}]}],"index":0}]}