{"constructor":"StakingPtr","fields":[{"certificate_index":2,"slot_number":0,"transaction_index":1}]}