{"from":{"bound":{"fields":[],"name":"NegInf"},"closed":true},"to":{"bound":{"fields":[0],"name":"Finite"},"closed":true}}