{"members":[[{"fields":["0102030405060708090a0b0c0d0e0f101112131415161718191a1b1c"],"name":"PubKeyCredential"},0],[{"fields":["0102030405060708090a0b0c0d0e0f101112131415161718191a1b1c"],"name":"ScriptCredential"},0]],"quorum":[1,2]}