{"credential":{"constructor":"ScriptCredential","fields":["0102030405060708090a0b0c0d0e0f101112131415161718191a1b1c"]},"staking_credential":{"constructor":"Just","fields":[{"constructor":"StakingPtr","fields":[{"certificate_index":2,"slot_number":0,"transaction_index":1}]}]}}