{"fields":[{"fields":[{"fields":[{"fields":[],"index":1}],"name":"Constr"},{"fields":[{"fields":[],"index":0}],"name":"Constr"},{"fields":[{"fields":[],"index":1}],"name":"Constr"}],"index":0}],"name":"Constr"}