{"from":{"bound":{"constructor":"NegInf","fields":[]},"closed":true},"to":{"bound":{"constructor":"Finite","fields":[0]},"closed":true}}