{"bound":{"fields":[0],"name":"Finite"},"closed":false}