{"fields":[{"fields":[{"fields":[0],"name":"Integer"},{"fields":[1],"name":"Integer"},{"fields":[2],"name":"Integer"}],"index":1}],"name":"Constr"}