{"fields":[{"fields":[{"fields":[{"fields":[],"index":1}],"name":"Constr"},{"fields":[{"fields":[{"fields":[1],"name":"Integer"},{"fields":["736f6d65206279746573"],"name":"Bytes"}],"index":1}],"name":"Constr"},{"fields":[{"fields":[],"index":1}],"name":"Constr"}],"index":0}],"name":"Constr"}