{"fields":[{"fields":[{"fields":["0102030405060708090a0b0c0d0e0f101112131415161718191a1b1c"],"name":"Bytes"},{"fields":[{"fields":[],"index":1}],"name":"Constr"}],"index":2}],"name":"Constr"}