{"fields":[{"fields":[],"name":"Nothing"},{"fields":[[{"fields":[1],"name":"Integer"},{"fields":["736f6d65206279746573"],"name":"Bytes"}]],"name":"List"},{"fields":[],"name":"Nothing"}],"name":"ParameterChange"}