{"fields":[[[{"fields":[""],"name":"Bytes"},{"fields":[[[{"fields":[""],"name":"Bytes"},{"fields":[1337],"name":"Integer"}]]],"name":"Map"}]]],"name":"Map"}