{"fields":[{"fields":[{"fields":[{"fields":[],"index":6}],"name":"Constr"}],"index":3}],"name":"Constr"}