{"fields":[{"fields":[{"fields":[0],"name":"Integer"},{"fields":[{"fields":[{"fields":[{"fields":[{"fields":["0102030405060708090a0b0c0d0e0f101112131415161718191a1b1c"],"name":"Bytes"}],"index":0}],"name":"Constr"},{"fields":[{"fields":[{"fields":[0],"name":"Integer"}],"index":0}],"name":"Constr"}],"index":0}],"name":"Constr"}],"index":3}],"name":"Constr"}