{"fields":[{"fields":[],"index":5}],"name":"Constr"}