{"from":{"bound":{"constructor":"NegInf","fields":[]},"closed":true},"to":{"bound":{"constructor":"PosInf","fields":[]},"closed":false}}