{"fields":[{"fields":[],"name":"DRepAlwaysNoConfidence"}],"name":"DelegVote"}