{"fields":[[{"fields":[{"fields":[],"index":1}],"name":"Constr"}]],"name":"List"}