{"fields":[{"fields":[{"fields":[{"fields":[],"index":1}],"name":"Constr"}],"index":1}],"name":"Constr"}