{"fields":[{"fields":[],"name":"Nil"}],"name":"Rec"}