{"constructor":"Right","fields":["this is right"]}