{"constructor":"Foo","fields":[1337,false,"c29tZSBieXRlcw=="]}