{"constructor":"Bar","fields":[false,"dGRpaWt0YmJ3Y2txc2t6ZmxraWR0emJxdGF4cnJvbG5ncHFwYXR6cHVxenFvamJpdG5pY3pvbWJ5bmlueWdyY2FocGdjbHRhbWdmYXlldGF2ZHJydmh6emNuaWtrb2R5YWV0enN3a3lpZHJ1Z3l6eG5raHh4eGZsYWRsbGZ0YXR6a3J1b3lpaHh1b2NzeW94bHNhZXRnbWN4a294YWdpZmthd25qeXVwanJldW5ubHFzcWZyd3NmZGlkbHduem11YWprbWxhZnZtbGF0ZGZieXRqeGhqaGNraXhucGFueHhscG16Z3NmYWlsdXV3eWNobmV3b2xyY2JqcWpjaXhuc3plZXRxaHBwdHBhZWJqZXRkYm5rbnl1bHBwanp5cXN1em15cXh0c2J5YXl0dGZpb2R5dmNvbW9lend2YmVkcWttYnR1a2V6bWp2d3RtdmhiYm53eGFlc2hkbWZqamN1aWdkZWlndGZwaW0="]}