{"prod":[false,"eG5hZHZmd3lmeWpodm1vanhmbmpqcXlid3dicWV1emJrbWVwbWhwa3B4cGNrb2tla3Fsd2VqemZxbHp1bnZmbGdybWhiYXNjbm5scWdreG5ldWF2bWVydnFhY3JseWdyZnpna3d4ZnR3eGZwdWppa3pnbnhrbmdldWVpenpxd2h6dGl0aWN0Y29tYXdvanlldGt2bnpwdHN5amhiYnZnc3h5dGNnenZkeXpyamd0cnVqcG53d3JoZXZtbmtpaWhwaXdpbXFyYmlreGViY29oZ3V5eGlkZnJ3aXRzYmRpZWp6d2FtbnBzbnd3dWZkbWVhaWxpYmdhcGt6dXh5aWJjeXFtYmNmbHJwYXhocXVlcWNhdmdtdndqb29obWRnanJkdHloc3hxZXdrcXZmdHNxd3hjZHhiY3hhdmJidW94dmRma2Vrd2dzd2Nzcmlpa3R1dGJ4eXJwaGRkb294aHpmZnZjd3BvY29ycHFidHh5cnVxd2RveWxic3d6cmxpcHF1bmtzemdjY2NlZmF1b3d3cWRkanE=",53362433906706819305352322143748738716454412858,-41826597960619894155228550954877312215965599552],"rec":{"fooA":true,"fooB":"SGfuwnwfYApjsG2bmK+Ch5BZLp/D1CTBmM7Icgm1aIBLDZCwhgoS3z1ynaQr+gf0nG4rSuckf7VH8y2WoNn5l5j03vpk+5Kqe6btmA==","fooC":-95137434478127900703637577459376073983653854445,"fooInt":76129721320266811558018685076957398887540390211},"sum":{"constructor":"Baz","fields":["ZWd6YnRyeHFxdm5hbG5qdGFncHRmbGRudGxvYmtsY2dmdnh4enN0a253dnhna2hhbnN1aHlyemZ0ZnRkbWx5YWx6YWJwa3RjeHZ6ZW5tcnlkZmhzcHVuaXl1YmNlcXVmaGZ5YXFuZw=="]}}