[false,"2dDXjg4sKOYKfWUvhzdQLwMjr7wWLjkDOIJbGH99kSFfnsY3LriSV129cJXSDrQm3uiSnF7W25Y8UfymqYvHdBEk3o+JQ63Y76aRTH7Zz09+EImDoPbQTbAOF8bmA/j/DLZSdt2QQPTjpyfQp7M4MKH2rH2CjDVzZ3qvaIWS8PCPlLtOzUMAHF9sB4JQYm7Ntu1TGFMon3OKf8TTr/EEzGVDubDD/W7Le3PdI38LnnzUTkbSStPzFCMGe/AYnEvIZRAWrZZJNR2Wlq+QKjFu5+disWqCECopy+Imw3mMWpN8OEwxZwEz/wtylvgfEoqIapkinjsSoCCNZCMj2Eq1vqkmjpgq5Yz9NQhOlQCfwAfYCjbt5C70mt5LSNw07yOv9ZrIDddFM6uvWyF68sErALcxl21SNwozo58BFOpomDs6SPxQ/+Qmm9MPGobtRclsAVCVzoNSsJPSkDGHX8IXA26BvYF72dVLIEmX8ZGnZnHyRn4q9X8oapHwf0Be0jzIhQ==",-16264884198454939191546461559993882054065395837,-87465632618562893418481550751717167401687918116]