"񸘻𐌾񌰐釥񊃓𽧃񛤧񊀷񄕈񻈟򊟾򩤕𢽣󸁖򭄶򙈇򫲊𫍛𢹴󥱶𴉳􉠂􋕎󞇹򤄁󍴓򷱶𯼜𐺕򱃜󽮼򩳅노󘡠􇀰ル숯񢬫󷨌􂋝􃏷󛖞녌򯇎򦗄𗃲𮶟򎰀􍿝󑛚𩤌򴕛󕤶󿦷񘱡򅁇󓈵󈊜󼯖𮐻񶎔󟾆񋻛񙻛󡎱򇥂𩒖🡙𱽉򙉿󱿝񸵞񶜿񔹉󊼡𚛾񸖞𨒸񭎖󏔢򳉴𺐢𲨢𣞝󅘉񟚰򏦄񧊱򁔈纝󪫪򻣁򌢮򞟽񜶞􆛱𩮔򴶞򦺅󜳫󂤉񃰻򰈂򫎄󇔍𲐇󱆜󛔍򊝺񂧊𙨘񆮧󬺗𪾨􅯬󻜋󉟦񴄩󥰈𞆳𫙏񉞌񋪺𱊋󽳌򢈦񹙑򤓍󻊏򞍍󝣤򜮴񴭌񊠗󹬲𒯩񣰄򀬄𬯹򻝶􂂇񱃴􎥒󗧩񔊴󩿕󙴐򻲃񍓱󗡥񅆷񕮰󜱧򦳐񺢦󫌆𺲸󕩣敔"