{"constructor":"Map","fields":[[[{"constructor":"Bytes","fields":[""]},{"constructor":"Map","fields":[[[{"constructor":"Bytes","fields":[""]},{"constructor":"Integer","fields":[1337]}]]]}],[{"constructor":"Bytes","fields":["0102030405060708090a0b0c0d0e0f101112131415161718191a1b1c"]},{"constructor":"Map","fields":[[[{"constructor":"Bytes","fields":[""]},{"constructor":"Integer","fields":[1337]}],[{"constructor":"Bytes","fields":["0102030405060708090a0b0c0d0e0f10"]},{"constructor":"Integer","fields":[16]}],[{"constructor":"Bytes","fields":["0102030405060708090a0b0c0d0e0f101112131415161718191a1b1c1d1e1f20"]},{"constructor":"Integer","fields":[32]}]]]}]]]}