{"from":{"bound":{"constructor":"NegInf","fields":[]},"closed":false},"to":{"bound":{"constructor":"PosInf","fields":[]},"closed":true}}