{"from":{"bound":{"constructor":"NegInf","fields":[]},"closed":false},"to":{"bound":{"constructor":"NegInf","fields":[]},"closed":false}}