{"constructor":"Constr","fields":[{"fields":[{"constructor":"Bytes","fields":[""]},{"constructor":"Bytes","fields":[""]}],"index":0}]}