{"bound":{"constructor":"PosInf","fields":[]},"closed":false}