{"constructor":"Constr","fields":[{"fields":[{"constructor":"Constr","fields":[{"fields":[{"constructor":"Integer","fields":[0]}],"index":1}]},{"constructor":"Constr","fields":[{"fields":[],"index":1}]}],"index":0}]}