{"constructor":"OutputDatum","fields":[{"constructor":"Integer","fields":[1337]}]}