{"constructor":"Constr","fields":[{"fields":[{"constructor":"Integer","fields":[1337]}],"index":2}]}