{"bound":{"constructor":"Finite","fields":[0]},"closed":false}